2026-09-07T16:30:01+03:00 started tmux session csai_sup
2026-09-07T16:30:24+03:00 session csai_sup already running
2026-09-07T16:32:21+03:00 started tmux session csai_sup
2026-09-07T16:33:25+03:00 started tmux session csai_sup
2026-09-07T16:45:01+03:00 session csai_sup already running
2026-09-07T17:00:01+03:00 session csai_sup already running
2026-09-07T17:10:50+03:00 started tmux session csai_sup
2026-09-07T17:12:17+03:00 session csai_sup already running
2026-09-07T17:12:48+03:00 a supervisor holds the lock; nothing to do
2026-09-07T17:15:01+03:00 a supervisor holds the lock; nothing to do
2026-09-07T17:30:01+03:00 a supervisor holds the lock; nothing to do
2026-09-07T17:45:01+03:00 a supervisor holds the lock; nothing to do
2026-09-07T18:00:01+03:00 a supervisor holds the lock; nothing to do
2026-09-07T18:15:01+03:00 a supervisor holds the lock; nothing to do
2026-09-07T18:30:01+03:00 a supervisor holds the lock; nothing to do
2026-09-07T18:45:01+03:00 a supervisor holds the lock; nothing to do
2026-09-07T19:00:01+03:00 a supervisor holds the lock; nothing to do
2026-09-07T19:15:01+03:00 a supervisor holds the lock; nothing to do
2026-09-07T19:30:01+03:00 a supervisor holds the lock; nothing to do
2026-09-07T19:45:01+03:00 a supervisor holds the lock; nothing to do
2026-09-07T20:00:01+03:00 a supervisor holds the lock; nothing to do
2026-09-07T20:15:01+03:00 a supervisor holds the lock; nothing to do
2026-09-07T20:30:01+03:00 a supervisor holds the lock; nothing to do
2026-09-07T20:45:01+03:00 a supervisor holds the lock; nothing to do
2026-09-07T21:00:01+03:00 clearing stale claims: layer16 layer24 medcalc_v2 mistral_instruct openbiollm sae_wide 
2026-09-07T21:00:01+03:00 SUPERVISOR_ALL_DONE present but 1 job marker(s) missing -- removing it and restarting
2026-09-07T21:00:01+03:00 promoted csai_supervisor.sh.next (previous kept as .prev)
2026-09-07T21:00:01+03:00 started tmux session csai_sup
2026-09-07T21:15:01+03:00 clearing stale claims: medcalc_v2 sae_qt_weights seed_sweep 
2026-09-07T21:15:01+03:00 SUPERVISOR_ALL_DONE present but 3 job marker(s) missing -- removing it and restarting
2026-09-07T21:15:01+03:00 started tmux session csai_sup
2026-09-07T21:30:01+03:00 clearing stale claims: medcalc_v2 sae_qt_weights seed_sweep 
2026-09-07T21:30:01+03:00 SUPERVISOR_ALL_DONE present but 3 job marker(s) missing -- removing it and restarting
2026-09-07T21:30:01+03:00 started tmux session csai_sup
2026-09-07T21:45:01+03:00 clearing stale claims: medcalc_v2 sae_qt_weights seed_sweep 
2026-09-07T21:45:01+03:00 SUPERVISOR_ALL_DONE present but 3 job marker(s) missing -- removing it and restarting
2026-09-07T21:45:01+03:00 started tmux session csai_sup
2026-09-07T22:00:01+03:00 clearing stale claims: medcalc_v2 sae_qt_weights seed_sweep 
2026-09-07T22:00:01+03:00 SUPERVISOR_ALL_DONE present but 3 job marker(s) missing -- removing it and restarting
2026-09-07T22:00:01+03:00 started tmux session csai_sup
2026-09-07T22:15:01+03:00 clearing stale claims: medcalc_v2 sae_qt_weights seed_sweep 
2026-09-07T22:15:01+03:00 SUPERVISOR_ALL_DONE present but 3 job marker(s) missing -- removing it and restarting
2026-09-07T22:15:01+03:00 started tmux session csai_sup
2026-09-07T22:30:01+03:00 clearing stale claims: medcalc_v2 sae_qt_weights seed_sweep 
2026-09-07T22:30:01+03:00 SUPERVISOR_ALL_DONE present but 3 job marker(s) missing -- removing it and restarting
2026-09-07T22:30:01+03:00 started tmux session csai_sup
2026-09-07T22:45:01+03:00 clearing stale claims: medcalc_v2 sae_qt_weights seed_sweep 
2026-09-07T22:45:01+03:00 SUPERVISOR_ALL_DONE present but 3 job marker(s) missing -- removing it and restarting
2026-09-07T22:45:01+03:00 started tmux session csai_sup
2026-09-07T23:00:01+03:00 clearing stale claims: medcalc_v2 sae_qt_weights seed_sweep 
2026-09-07T23:00:01+03:00 SUPERVISOR_ALL_DONE present but 3 job marker(s) missing -- removing it and restarting
2026-09-07T23:00:01+03:00 started tmux session csai_sup
2026-09-07T23:15:01+03:00 clearing stale claims: medcalc_v2 sae_qt_weights seed_sweep 
2026-09-07T23:15:01+03:00 SUPERVISOR_ALL_DONE present but 3 job marker(s) missing -- removing it and restarting
2026-09-07T23:15:01+03:00 started tmux session csai_sup
2026-09-07T23:30:01+03:00 clearing stale claims: medcalc_v2 sae_qt_weights seed_sweep 
2026-09-07T23:30:01+03:00 SUPERVISOR_ALL_DONE present but 3 job marker(s) missing -- removing it and restarting
2026-09-07T23:30:01+03:00 started tmux session csai_sup
2026-09-07T23:45:01+03:00 clearing stale claims: medcalc_v2 sae_qt_weights seed_sweep 
2026-09-07T23:45:01+03:00 SUPERVISOR_ALL_DONE present but 3 job marker(s) missing -- removing it and restarting
2026-09-07T23:45:01+03:00 started tmux session csai_sup
2026-09-08T00:00:01+03:00 clearing stale claims: medcalc_v2 sae_qt_weights seed_sweep 
2026-09-08T00:00:01+03:00 SUPERVISOR_ALL_DONE present but 3 job marker(s) missing -- removing it and restarting
2026-09-08T00:00:01+03:00 started tmux session csai_sup
2026-09-08T00:15:01+03:00 clearing stale claims: medcalc_v2 sae_qt_weights seed_sweep 
2026-09-08T00:15:01+03:00 SUPERVISOR_ALL_DONE present but 3 job marker(s) missing -- removing it and restarting
2026-09-08T00:15:01+03:00 started tmux session csai_sup
2026-09-08T00:30:01+03:00 clearing stale claims: medcalc_v2 sae_qt_weights seed_sweep 
2026-09-08T00:30:01+03:00 SUPERVISOR_ALL_DONE present but 3 job marker(s) missing -- removing it and restarting
2026-09-08T00:30:01+03:00 started tmux session csai_sup
2026-09-08T00:45:01+03:00 clearing stale claims: medcalc_v2 sae_qt_weights seed_sweep 
2026-09-08T00:45:01+03:00 SUPERVISOR_ALL_DONE present but 3 job marker(s) missing -- removing it and restarting
2026-09-08T00:45:01+03:00 started tmux session csai_sup
2026-09-08T01:00:01+03:00 clearing stale claims: medcalc_v2 sae_qt_weights seed_sweep 
2026-09-08T01:00:01+03:00 SUPERVISOR_ALL_DONE present but 3 job marker(s) missing -- removing it and restarting
2026-09-08T01:00:01+03:00 started tmux session csai_sup
2026-09-08T01:15:01+03:00 clearing stale claims: medcalc_v2 sae_qt_weights seed_sweep 
2026-09-08T01:15:01+03:00 SUPERVISOR_ALL_DONE present but 3 job marker(s) missing -- removing it and restarting
2026-09-08T01:15:01+03:00 started tmux session csai_sup
2026-09-08T01:30:01+03:00 clearing stale claims: medcalc_v2 sae_qt_weights seed_sweep 
2026-09-08T01:30:01+03:00 SUPERVISOR_ALL_DONE present but 3 job marker(s) missing -- removing it and restarting
2026-09-08T01:30:01+03:00 started tmux session csai_sup
2026-09-08T01:45:01+03:00 clearing stale claims: medcalc_v2 sae_qt_weights seed_sweep 
2026-09-08T01:45:01+03:00 SUPERVISOR_ALL_DONE present but 3 job marker(s) missing -- removing it and restarting
2026-09-08T01:45:01+03:00 started tmux session csai_sup
2026-09-08T02:00:01+03:00 clearing stale claims: medcalc_v2 sae_qt_weights seed_sweep 
2026-09-08T02:00:01+03:00 SUPERVISOR_ALL_DONE present but 3 job marker(s) missing -- removing it and restarting
2026-09-08T02:00:01+03:00 started tmux session csai_sup
2026-09-08T02:15:01+03:00 clearing stale claims: medcalc_v2 sae_qt_weights seed_sweep 
2026-09-08T02:15:01+03:00 SUPERVISOR_ALL_DONE present but 3 job marker(s) missing -- removing it and restarting
2026-09-08T02:15:01+03:00 started tmux session csai_sup
2026-09-08T02:30:01+03:00 clearing stale claims: medcalc_v2 sae_qt_weights seed_sweep 
2026-09-08T02:30:01+03:00 SUPERVISOR_ALL_DONE present but 3 job marker(s) missing -- removing it and restarting
2026-09-08T02:30:01+03:00 started tmux session csai_sup
2026-09-08T02:45:02+03:00 clearing stale claims: medcalc_v2 sae_qt_weights seed_sweep 
2026-09-08T02:45:02+03:00 SUPERVISOR_ALL_DONE present but 3 job marker(s) missing -- removing it and restarting
2026-09-08T02:45:02+03:00 started tmux session csai_sup
2026-09-08T03:00:01+03:00 clearing stale claims: medcalc_v2 sae_qt_weights seed_sweep 
2026-09-08T03:00:01+03:00 SUPERVISOR_ALL_DONE present but 3 job marker(s) missing -- removing it and restarting
2026-09-08T03:00:01+03:00 started tmux session csai_sup
2026-09-08T03:03:21+03:00 clearing stale claims: medcalc_v2 sae_qt_weights seed_sweep 
2026-09-08T03:03:21+03:00 SUPERVISOR_ALL_DONE present but 3 job marker(s) missing -- removing it and restarting
2026-09-08T03:03:21+03:00 started tmux session csai_sup
2026-09-08T03:04:27+03:00 clearing stale claims: medcalc_v2 sae_qt_weights seed_sweep 
2026-09-08T03:04:27+03:00 SUPERVISOR_ALL_DONE present but 3 job marker(s) missing -- removing it and restarting
2026-09-08T03:04:27+03:00 started tmux session csai_sup
2026-09-08T03:15:01+03:00 a supervisor holds the lock; nothing to do
2026-09-08T03:30:01+03:00 a supervisor holds the lock; nothing to do
2026-09-08T03:45:01+03:00 a supervisor holds the lock; nothing to do
2026-09-08T04:00:01+03:00 a supervisor holds the lock; nothing to do
2026-09-08T04:15:01+03:00 a supervisor holds the lock; nothing to do
2026-09-08T04:18:12+03:00 clearing stale claims: medcalc_v2 mistral_instruct openbiollm sae_qt_weights seed_sweep 
2026-09-08T04:18:12+03:00 all work complete -- not relaunching
2026-09-08T04:18:45+03:00 promoted csai_supervisor.sh.next (previous kept as .prev)
2026-09-08T04:18:45+03:00 all work complete -- not relaunching
2026-09-08T04:30:01+03:00 all work complete -- not relaunching
2026-09-08T04:45:01+03:00 all work complete -- not relaunching
2026-09-08T05:00:01+03:00 all work complete -- not relaunching
2026-09-08T05:15:01+03:00 all work complete -- not relaunching
2026-09-08T05:30:01+03:00 all work complete -- not relaunching
2026-09-08T05:45:01+03:00 all work complete -- not relaunching
2026-09-08T06:00:01+03:00 all work complete -- not relaunching
2026-09-08T06:15:01+03:00 all work complete -- not relaunching
2026-09-08T06:30:01+03:00 all work complete -- not relaunching
2026-09-08T06:45:01+03:00 all work complete -- not relaunching
2026-09-08T07:00:01+03:00 all work complete -- not relaunching
2026-09-08T07:15:01+03:00 all work complete -- not relaunching
2026-09-08T07:30:01+03:00 all work complete -- not relaunching
2026-09-08T07:45:01+03:00 all work complete -- not relaunching
2026-09-08T08:00:01+03:00 all work complete -- not relaunching
2026-09-08T08:15:01+03:00 all work complete -- not relaunching
2026-09-08T08:30:01+03:00 all work complete -- not relaunching
2026-09-08T08:45:01+03:00 all work complete -- not relaunching
2026-09-08T09:00:01+03:00 all work complete -- not relaunching
2026-09-08T09:15:01+03:00 all work complete -- not relaunching
2026-09-08T09:30:01+03:00 all work complete -- not relaunching
2026-09-08T09:45:01+03:00 all work complete -- not relaunching
2026-09-08T10:00:01+03:00 all work complete -- not relaunching
2026-09-08T10:15:01+03:00 all work complete -- not relaunching
2026-09-08T10:30:01+03:00 all work complete -- not relaunching
2026-09-08T10:45:01+03:00 all work complete -- not relaunching
2026-09-08T11:00:01+03:00 all work complete -- not relaunching
2026-09-08T11:15:01+03:00 all work complete -- not relaunching
2026-09-08T11:30:01+03:00 all work complete -- not relaunching
2026-09-08T11:45:01+03:00 all work complete -- not relaunching
2026-09-08T12:00:01+03:00 all work complete -- not relaunching
2026-09-08T12:15:01+03:00 all work complete -- not relaunching
2026-09-08T12:30:01+03:00 all work complete -- not relaunching
2026-09-08T12:45:01+03:00 all work complete -- not relaunching
2026-09-08T13:00:01+03:00 all work complete -- not relaunching
2026-09-08T13:15:01+03:00 all work complete -- not relaunching
2026-09-08T13:30:01+03:00 all work complete -- not relaunching
2026-09-08T13:45:01+03:00 all work complete -- not relaunching
2026-09-08T13:49:33+03:00 all work complete -- not relaunching
2026-09-24T09:15:02+03:00 a supervisor holds the lock; nothing to do
2026-09-24T09:30:01+03:00 a supervisor holds the lock; nothing to do
2026-09-24T09:45:01+03:00 a supervisor holds the lock; nothing to do
2026-09-24T10:00:01+03:00 a supervisor holds the lock; nothing to do
2026-09-24T10:15:01+03:00 a supervisor holds the lock; nothing to do
2026-09-24T10:30:01+03:00 a supervisor holds the lock; nothing to do
2026-09-24T10:45:01+03:00 a supervisor holds the lock; nothing to do
2026-09-24T11:00:01+03:00 a supervisor holds the lock; nothing to do
2026-09-24T11:15:01+03:00 a supervisor holds the lock; nothing to do
2026-09-24T11:30:01+03:00 a supervisor holds the lock; nothing to do
2026-09-24T11:45:01+03:00 a supervisor holds the lock; nothing to do
2026-09-24T12:00:01+03:00 a supervisor holds the lock; nothing to do
2026-09-24T12:15:01+03:00 a supervisor holds the lock; nothing to do
2026-09-24T12:30:01+03:00 a supervisor holds the lock; nothing to do
2026-09-24T12:45:01+03:00 a supervisor holds the lock; nothing to do
