[v3b:cl:biomistral-7b][run ] train  2026-09-24T13:11:23+03:00
[v3b:cl:biomistral-7b][ok  ] train  645s
[v3b:cl:biomistral-7b][run ] train_shuffled  2026-09-24T13:22:08+03:00
[v3b:cl:biomistral-7b][ok  ] train_shuffled  650s
[v3b:cl:biomistral-7b][run ] eval_test_cl  2026-09-24T13:32:58+03:00
[v3b:cl:biomistral-7b][ok  ] eval_test_cl  1558s
[v3b:cl:biomistral-7b][run ] eval_test_nsai_uq_cl  2026-09-24T13:58:56+03:00
[v3b:cl:biomistral-7b][ok  ] eval_test_nsai_uq_cl  5080s
[v3b:cl:biomistral-7b][run ] eval_heldout_cl  2026-09-24T15:23:36+03:00
[v3b:cl:biomistral-7b][ok  ] eval_heldout_cl  166s
[v3b:cl:biomistral-7b][run ] eval_heldout_nsai_uq_cl  2026-09-24T15:26:22+03:00
[v3b:cl:biomistral-7b][ok  ] eval_heldout_nsai_uq_cl  3066s
[v3b:cl:biomistral-7b][run ] table_test_with_cl  2026-09-24T16:17:28+03:00
[v3b:cl:biomistral-7b][ok  ] table_test_with_cl  78s
[v3b:cl:biomistral-7b][run ] coverage_test_nsai_uq_cl  2026-09-24T16:18:46+03:00
[v3b:cl:biomistral-7b][ok  ] coverage_test_nsai_uq_cl  277s
[v3b:cl:biomistral-7b][run ] table_heldout_with_cl  2026-09-24T16:23:23+03:00
[v3b:cl:biomistral-7b][ok  ] table_heldout_with_cl  17s
[v3b:cl:biomistral-7b][run ] coverage_heldout_nsai_uq_cl  2026-09-24T16:23:40+03:00
[v3b:cl:biomistral-7b][ok  ] coverage_heldout_nsai_uq_cl  14s
[v3b:cl:biomistral-7b] done, 0 stage(s) failed  2026-09-24T16:23:54+03:00
