[v3b:main:biomistral-7b][run ] determinism  2026-09-24T03:03:28+03:00
[v3b:main:biomistral-7b][ok  ] determinism  99s
[v3b:main:biomistral-7b][run ] eval_test_base  2026-09-24T03:05:07+03:00
[v3b:main:biomistral-7b][ok  ] eval_test_base  345s
[v3b:main:biomistral-7b][run ] eval_test_sym  2026-09-24T03:10:52+03:00
[v3b:main:biomistral-7b][ok  ] eval_test_sym  350s
[v3b:main:biomistral-7b][run ] eval_test_nsai  2026-09-24T03:16:42+03:00
[v3b:main:biomistral-7b][ok  ] eval_test_nsai  2263s
[v3b:main:biomistral-7b][run ] eval_test_rag  2026-09-24T03:54:25+03:00
[v3b:main:biomistral-7b][ok  ] eval_test_rag  2264s
[v3b:main:biomistral-7b][run ] eval_test_uq  2026-09-24T04:32:09+03:00
[v3b:main:biomistral-7b][ok  ] eval_test_uq  589s
[v3b:main:biomistral-7b][run ] eval_test_nsai_uq  2026-09-24T04:41:58+03:00
[v3b:main:biomistral-7b][ok  ] eval_test_nsai_uq  3893s
[v3b:main:biomistral-7b][run ] eval_heldout_base  2026-09-24T05:46:51+03:00
[v3b:main:biomistral-7b][ok  ] eval_heldout_base  158s
[v3b:main:biomistral-7b][run ] eval_heldout_sym  2026-09-24T05:49:29+03:00
[v3b:main:biomistral-7b][ok  ] eval_heldout_sym  158s
[v3b:main:biomistral-7b][run ] eval_heldout_nsai  2026-09-24T05:52:07+03:00
[v3b:main:biomistral-7b][ok  ] eval_heldout_nsai  787s
[v3b:main:biomistral-7b][run ] eval_heldout_rag  2026-09-24T06:05:14+03:00
[v3b:main:biomistral-7b][ok  ] eval_heldout_rag  788s
[v3b:main:biomistral-7b][run ] eval_heldout_uq  2026-09-24T06:18:22+03:00
[v3b:main:biomistral-7b][ok  ] eval_heldout_uq  401s
[v3b:main:biomistral-7b][run ] eval_heldout_nsai_uq  2026-09-24T06:25:03+03:00
[v3b:main:biomistral-7b][ok  ] eval_heldout_nsai_uq  2421s
[v3b:main:biomistral-7b][run ] eval_test_base_swapped  2026-09-24T07:05:24+03:00
[v3b:main:biomistral-7b][ok  ] eval_test_base_swapped  323s
[v3b:main:biomistral-7b][run ] table_test  2026-09-24T07:10:47+03:00
[v3b:main:biomistral-7b][ok  ] table_test  69s
[v3b:main:biomistral-7b][run ] coverage_test  2026-09-24T07:11:56+03:00
[v3b:main:biomistral-7b][ok  ] coverage_test  267s
[v3b:main:biomistral-7b][run ] table_heldout  2026-09-24T07:16:23+03:00
[v3b:main:biomistral-7b][ok  ] table_heldout  15s
[v3b:main:biomistral-7b][run ] coverage_heldout  2026-09-24T07:16:38+03:00
[v3b:main:biomistral-7b][ok  ] coverage_heldout  13s
[v3b:main:biomistral-7b] done, 0 stage(s) failed  2026-09-24T07:16:51+03:00
