Warning: You are sending unauthenticated requests to the HF Hub. Please set a HF_TOKEN to enable higher rate limits and faster downloads.
[transformers] `torch_dtype` is deprecated! Use `dtype` instead!
train 110 items / 55 pairs
test  180 items / 90 pairs (same family as train)
held  60 items / 30 pairs (['ondansetron_qt'])
train families: ['ondansetron_qt']
Loading weights:   0%|          | 0/291 [00:00<?, ?it/s]Loading weights:   8%|▊         | 22/291 [00:00<00:01, 176.95it/s]Loading weights:  17%|█▋        | 49/291 [00:00<00:01, 208.37it/s]Loading weights:  27%|██▋       | 78/291 [00:00<00:00, 238.58it/s]Loading weights:  35%|███▌      | 103/291 [00:00<00:00, 241.38it/s]Loading weights:  45%|████▌     | 132/291 [00:00<00:00, 256.48it/s]Loading weights:  54%|█████▍    | 158/291 [00:00<00:00, 255.93it/s]Loading weights:  63%|██████▎   | 184/291 [00:00<00:00, 256.23it/s]Loading weights:  73%|███████▎  | 213/291 [00:00<00:00, 266.01it/s]Loading weights:  82%|████████▏ | 240/291 [00:00<00:00, 266.03it/s]Loading weights:  92%|█████████▏| 267/291 [00:01<00:00, 266.36it/s]Loading weights: 100%|██████████| 291/291 [00:01<00:00, 257.84it/s]
[transformers] Error during conversion: ReadTimeout('The read operation timed out')

adapter: layer 5, rank 32, alpha 1.0, 262,176 trainable parameters

=== base model, same decision rule ===
  test    acc=0.517  CC=0.033
  heldout acc=0.500  CC=0.000

=== training on 110 items (real labels) ===
  epoch 1/6  L_causal=1.0210  L_KL=7.5537  train-decision-acc=0.464
  epoch 2/6  L_causal=0.7261  L_KL=7.5156  train-decision-acc=0.482
  epoch 3/6  L_causal=0.7708  L_KL=6.6164  train-decision-acc=0.500
  epoch 4/6  L_causal=0.7425  L_KL=6.2832  train-decision-acc=0.482
  epoch 5/6  L_causal=0.7942  L_KL=2.6877  train-decision-acc=0.518
  epoch 6/6  L_causal=0.7931  L_KL=2.4553  train-decision-acc=0.564

=== with constraint layer ===
  test    acc=0.500  CC=0.000   (base 0.033, delta -0.033)
  heldout acc=0.500  CC=0.000   (base 0.000, delta +0.000)

wrote results/constraint_qt.json
wrote results/adapter_qt.npz
