Warning: You are sending unauthenticated requests to the HF Hub. Please set a HF_TOKEN to enable higher rate limits and faster downloads.
[transformers] `torch_dtype` is deprecated! Use `dtype` instead!
train 110 items / 55 pairs
test  180 items / 90 pairs (same family as train)
held  60 items / 30 pairs (['ondansetron_qt'])
train families: ['ondansetron_qt']
Loading weights:   0%|          | 0/291 [00:00<?, ?it/s]Loading weights:   8%|▊         | 22/291 [00:00<00:01, 212.24it/s]Loading weights:  17%|█▋        | 50/291 [00:00<00:01, 239.80it/s]Loading weights:  27%|██▋       | 78/291 [00:00<00:00, 247.79it/s]Loading weights:  35%|███▌      | 103/291 [00:00<00:00, 247.37it/s]Loading weights:  44%|████▍     | 128/291 [00:00<00:00, 242.07it/s]Loading weights:  54%|█████▍    | 157/291 [00:00<00:00, 241.02it/s]Loading weights:  63%|██████▎   | 182/291 [00:00<00:00, 243.69it/s]Loading weights:  71%|███████   | 207/291 [00:00<00:00, 243.33it/s]Loading weights:  80%|███████▉  | 232/291 [00:00<00:00, 227.15it/s]Loading weights:  88%|████████▊ | 256/291 [00:01<00:00, 208.43it/s]Loading weights:  96%|█████████▌| 278/291 [00:01<00:00, 201.08it/s]Loading weights: 100%|██████████| 291/291 [00:01<00:00, 228.11it/s]
[transformers] Error during conversion: ReadTimeout('The read operation timed out')

adapter: layer 30, rank 32, alpha 1.0, 262,176 trainable parameters

=== base model, same decision rule ===
  test    acc=0.517  CC=0.033
  heldout acc=0.500  CC=0.000

=== training on 110 items (real labels) ===
  epoch 1/8  L_causal=0.7612  L_KL=0.0437  train-decision-acc=0.464
  epoch 2/8  L_causal=0.6996  L_KL=0.0262  train-decision-acc=0.518
  epoch 3/8  L_causal=0.6598  L_KL=0.2246  train-decision-acc=0.627
  epoch 4/8  L_causal=0.5369  L_KL=2.5002  train-decision-acc=0.745
  epoch 5/8  L_causal=0.4208  L_KL=1.7475  train-decision-acc=0.836
  epoch 6/8  L_causal=0.4696  L_KL=2.6760  train-decision-acc=0.773
  epoch 7/8  L_causal=0.4655  L_KL=2.5659  train-decision-acc=0.836
  epoch 8/8  L_causal=0.4139  L_KL=1.5008  train-decision-acc=0.845

=== with constraint layer ===
  test    acc=0.489  CC=0.000   (base 0.033, delta -0.033)
  heldout acc=0.900  CC=0.800   (base 0.000, delta +0.800)

wrote results/constraint_qt.json
wrote results/adapter_qt.npz
