=== track A finished, starting track B (MCQ counterfactual pairs) ===
Warning: You are sending unauthenticated requests to the HF Hub. Please set a HF_TOKEN to enable higher rate limits and faster downloads.
[transformers] `torch_dtype` is deprecated! Use `dtype` instead!
Loading weights:   0%|          | 0/291 [00:00<?, ?it/s]Loading weights:   7%|▋         | 19/291 [00:00<00:01, 185.80it/s]Loading weights:  14%|█▎        | 40/291 [00:00<00:01, 192.93it/s]Loading weights:  23%|██▎       | 68/291 [00:00<00:00, 224.23it/s]Loading weights:  32%|███▏      | 94/291 [00:00<00:00, 231.24it/s]Loading weights:  41%|████      | 118/291 [00:00<00:00, 213.56it/s]Loading weights:  48%|████▊     | 140/291 [00:00<00:00, 206.36it/s]Loading weights:  55%|█████▌    | 161/291 [00:00<00:00, 200.06it/s]Loading weights:  66%|██████▋   | 193/291 [00:00<00:00, 232.19it/s]Loading weights:  76%|███████▋  | 222/291 [00:00<00:00, 247.95it/s]Loading weights:  86%|████████▌ | 249/291 [00:01<00:00, 252.05it/s]Loading weights:  95%|█████████▍| 275/291 [00:01<00:00, 252.76it/s]Loading weights: 100%|██████████| 291/291 [00:01<00:00, 235.94it/s]

=== mcqpairs ===
[transformers] Error during conversion: ReadTimeout('The read operation timed out')
loaded 8000 items
[model] dropping 2 token id(s) ambiguous across labels ['CORRECT', 'INCORRECT']: ['▁**', '▁(']
  160/8000  20.07 it/s  eta 6.5 min
  320/8000  20.29 it/s  eta 6.3 min
  480/8000  20.59 it/s  eta 6.1 min
  640/8000  20.69 it/s  eta 5.9 min
  800/8000  20.90 it/s  eta 5.7 min
  960/8000  20.75 it/s  eta 5.7 min
  1120/8000  20.62 it/s  eta 5.6 min
  1280/8000  20.61 it/s  eta 5.4 min
  1440/8000  20.60 it/s  eta 5.3 min
  1600/8000  20.62 it/s  eta 5.2 min
  1760/8000  20.66 it/s  eta 5.0 min
  1920/8000  20.59 it/s  eta 4.9 min
  2080/8000  20.58 it/s  eta 4.8 min
  2240/8000  20.59 it/s  eta 4.7 min
  2400/8000  20.57 it/s  eta 4.5 min
  2560/8000  20.60 it/s  eta 4.4 min
  2720/8000  20.59 it/s  eta 4.3 min
  2880/8000  20.59 it/s  eta 4.1 min
  3040/8000  20.58 it/s  eta 4.0 min
  3200/8000  20.56 it/s  eta 3.9 min
  3360/8000  20.55 it/s  eta 3.8 min
  3520/8000  20.52 it/s  eta 3.6 min
  3680/8000  20.52 it/s  eta 3.5 min
  3840/8000  20.56 it/s  eta 3.4 min
  4000/8000  20.60 it/s  eta 3.2 min
  4160/8000  20.05 it/s  eta 3.2 min
  4320/8000  19.49 it/s  eta 3.1 min
  4480/8000  19.03 it/s  eta 3.1 min
  4640/8000  18.59 it/s  eta 3.0 min
  4800/8000  18.33 it/s  eta 2.9 min
  4960/8000  18.01 it/s  eta 2.8 min
  5120/8000  17.72 it/s  eta 2.7 min
  5280/8000  17.46 it/s  eta 2.6 min
  5440/8000  17.20 it/s  eta 2.5 min
  5600/8000  16.92 it/s  eta 2.4 min
  5760/8000  16.71 it/s  eta 2.2 min
  5920/8000  16.53 it/s  eta 2.1 min
  6080/8000  16.38 it/s  eta 2.0 min
  6240/8000  16.10 it/s  eta 1.8 min
  6400/8000  15.98 it/s  eta 1.7 min
  6560/8000  15.84 it/s  eta 1.5 min
  6720/8000  15.73 it/s  eta 1.4 min
  6880/8000  15.60 it/s  eta 1.2 min
  7040/8000  15.47 it/s  eta 1.0 min
  7200/8000  15.38 it/s  eta 0.9 min
  7360/8000  15.29 it/s  eta 0.7 min
  7520/8000  15.18 it/s  eta 0.5 min
  7680/8000  15.06 it/s  eta 0.4 min
  7840/8000  14.94 it/s  eta 0.2 min
  8000/8000  14.86 it/s  eta 0.0 min
wrote results/bigbench_mcqpairs_seed0.jsonl
  n=8000  accuracy=0.408  decision token resolved on 7991/8000 (99.9%)
  token-vs-text agreement: 7991/7991 (100.0%)   unparsable: 0
=== TRACK B GENERATION DONE ===
